// Jest Snapshot v1, https://goo.gl/fbAQLP

exports[`expects to render CounterButton component 1`] = `
<button
  onClick={[Function]}
>
  Count: 
  1
</button>
`;
